// Jest Snapshot v1, https://goo.gl/fbAQLP

exports[`includes only includes methods ends with Id: generate Code 1`] = `
"//@ts-nocheck
/**
 * AUTO_GENERATED Do not change this file directly, use config.ts file instead
 *
 * @version 6
 */

import type { AxiosRequestConfig } from \\"axios\\";
import type { SwaggerResponse } from \\"./config\\";
import { Http } from \\"./httpRequest\\";
//@ts-ignore
import qs from \\"qs\\";
import type {
  SubUserConnectionApiModel,
  EditConnectionInfoInput,
  EditSubUserPermissionInput,
  EpayRequestDetailApiModel,
  WalletReceiptApiModel,
  EpayRequestPayInput,
  PluginApiModel,
  BankReceiptApiModel,
  BusinessUserConnectionApiModel,
  SubUserAccountDetailQuery,
  TransactionApiModel,
  TransferMoneyApiModel,
  UserBankApiModel,
  UserBankDetailApiModel,
  WalletDisplayApiModel,
  WalletDetailApiModel,
  RequestBodyTransferMoneyInput,
  RequestBodyNewEpayRequestInput,
  RequestBodySubUserNotificationStatusInput,
  RequestBodyUserBankInput,
  RequestBodyAccountCreationApiModel,
} from \\"./types\\";

// eslint-disable-next-line @typescript-eslint/no-unused-vars
const __DEV__ = process.env.NODE_ENV !== \\"production\\";

// eslint-disable-next-line @typescript-eslint/no-unused-vars
function overrideConfig(
  config?: AxiosRequestConfig,
  configOverride?: AxiosRequestConfig,
): AxiosRequestConfig {
  return {
    ...config,
    ...configOverride,
    headers: {
      ...config?.headers,
      ...configOverride?.headers,
    },
  };
}

// eslint-disable-next-line @typescript-eslint/no-unused-vars
export function template(path: string, obj: { [x: string]: any } = {}) {
  Object.keys(obj).forEach((key) => {
    const re = new RegExp(\`{\${key}}\`, \\"i\\");
    path = path.replace(re, obj[key]);
  });

  return path;
}

function isFormData(obj: any) {
  // This checks for the append method which should exist on FormData instances
  return (
    (typeof obj === \\"object\\" &&
      typeof obj.append === \\"function\\" &&
      obj[Symbol.toStringTag] === undefined) ||
    obj[Symbol.toStringTag] === \\"FormData\\"
  );
}

// eslint-disable-next-line @typescript-eslint/no-unused-vars
function objToForm(requestBody: object) {
  if (isFormData(requestBody)) {
    return requestBody;
  }
  const formData = new FormData();

  Object.entries(requestBody).forEach(([key, value]) => {
    value && formData.append(key, value);
  });

  return formData;
}

// eslint-disable-next-line @typescript-eslint/no-unused-vars
function objToUrlencoded(requestBody: object) {
  return qs.stringify(requestBody);
}

/**
 * Disconnect sub user connection [Feature just allowed for the business users]
 * [Needs secure login]
 */
export const deleteBusinessUserConnectionConnectionId = (
  /** Connection Id */
  connectionId: number,
  configOverride?: AxiosRequestConfig,
): Promise<SwaggerResponse<SubUserConnectionApiModel | null>> => {
  return Http.deleteRequest(
    template(deleteBusinessUserConnectionConnectionId.key, { connectionId }),
    undefined,
    undefined,
    _CONSTANT2,
    overrideConfig(_CONSTANT1, configOverride),
  );
};

/** Key is end point string without base url */
deleteBusinessUserConnectionConnectionId.key =
  \\"/BusinessUser/connection/{connectionId}\\";

export const deleteBusinessUserConnectionConnectionIdPermissionUserWalletId = (
  connectionId: number,
  /** Id of Account to delete it's permissios */
  userWalletId: number,
  configOverride?: AxiosRequestConfig,
): Promise<SwaggerResponse<string>> => {
  return Http.deleteRequest(
    template(
      deleteBusinessUserConnectionConnectionIdPermissionUserWalletId.key,
      { connectionId, userWalletId },
    ),
    undefined,
    undefined,
    _CONSTANT2,
    overrideConfig(_CONSTANT5, configOverride),
  );
};

/** Key is end point string without base url */
deleteBusinessUserConnectionConnectionIdPermissionUserWalletId.key =
  \\"/BusinessUser/connection/{connectionId}/permission/{userWalletId}\\";

/**
 * Disconnect business user connection [Feature just allowed for SubUsers]
 * [Needs secure login] [Deprecated, use 'user/connection/{connectionId}'
 * instead]
 *
 * @deprecated This endpoint deprecated and will be remove. Please use an
 *   alternative
 */
export const deleteSubUserConnectionConnectionId = (
  /** Connection id */
  connectionId: number,
  configOverride?: AxiosRequestConfig,
): Promise<SwaggerResponse<BusinessUserConnectionApiModel | null>> => {
  if (__DEV__) {
    console.warn(
      \\"deleteSubUserConnectionConnectionId\\",
      \\"This endpoint deprecated and will be remove. Please use an alternative\\",
    );
  }
  return Http.deleteRequest(
    template(deleteSubUserConnectionConnectionId.key, { connectionId }),
    undefined,
    undefined,
    _CONSTANT2,
    overrideConfig(_CONSTANT1, configOverride),
  );
};

/** Key is end point string without base url */
deleteSubUserConnectionConnectionId.key = \\"/SubUser/connection/{connectionId}\\";

/**
 * Disconnect business user connection [Feature just allowed for normal users]
 * [Needs secure login]
 */
export const deleteUserConnectionConnectionId = (
  /** Connection id */
  connectionId: number,
  configOverride?: AxiosRequestConfig,
): Promise<SwaggerResponse<BusinessUserConnectionApiModel | null>> => {
  return Http.deleteRequest(
    template(deleteUserConnectionConnectionId.key, { connectionId }),
    undefined,
    undefined,
    _CONSTANT2,
    overrideConfig(_CONSTANT1, configOverride),
  );
};

/** Key is end point string without base url */
deleteUserConnectionConnectionId.key = \\"/User/connection/{connectionId}\\";

/**
 * Get the connection detail [Feature just allowed for the business users]
 * [Needs secure login]
 */
export const getBusinessUserConnectionConnectionId = (
  /** Connection Id */
  connectionId: number,
  configOverride?: AxiosRequestConfig,
): Promise<SwaggerResponse<SubUserConnectionApiModel | null>> => {
  return Http.getRequest(
    template(getBusinessUserConnectionConnectionId.key, { connectionId }),
    undefined,
    undefined,
    _CONSTANT2,
    overrideConfig(_CONSTANT1, configOverride),
  );
};

/** Key is end point string without base url */
getBusinessUserConnectionConnectionId.key =
  \\"/BusinessUser/connection/{connectionId}\\";

/** Get epay request detail based on Id */
export const getEpayRequestEpayId = (
  /** EpayRequest's Id */
  epayId: number,
  configOverride?: AxiosRequestConfig,
): Promise<SwaggerResponse<EpayRequestDetailApiModel | null>> => {
  return Http.getRequest(
    template(getEpayRequestEpayId.key, { epayId }),
    undefined,
    undefined,
    _CONSTANT2,
    overrideConfig(_CONSTANT1, configOverride),
  );
};

/** Key is end point string without base url */
getEpayRequestEpayId.key = \\"/EpayRequest/{epayId}\\";

export const getPluginPluginId = (
  pluginId: number,
  configOverride?: AxiosRequestConfig,
): Promise<SwaggerResponse<PluginApiModel | null>> => {
  return Http.getRequest(
    template(getPluginPluginId.key, { pluginId }),
    undefined,
    undefined,
    _CONSTANT2,
    overrideConfig(_CONSTANT1, configOverride),
  );
};

/** Key is end point string without base url */
getPluginPluginId.key = \\"/Plugin/{pluginId}\\";

/** Get bank receipt by EPayTry id [For anonymous users] */
export const getReceiptBankEpayTryId = (
  /** EpayTry's id to get receipt for */
  epayTryId: string,
  configOverride?: AxiosRequestConfig,
): Promise<SwaggerResponse<BankReceiptApiModel | null>> => {
  return Http.getRequest(
    template(getReceiptBankEpayTryId.key, { epayTryId }),
    undefined,
    undefined,
    undefined,
    overrideConfig(_CONSTANT1, configOverride),
  );
};

/** Key is end point string without base url */
getReceiptBankEpayTryId.key = \\"/Receipt/bank/{epayTryId}\\";

/** Get permission details of an Account [Feature just allowed for SubUsers] */
export const getSubUserAccountUserWalletId = (
  userWalletId: number,
  configOverride?: AxiosRequestConfig,
): Promise<SwaggerResponse<SubUserAccountDetailQuery | null>> => {
  return Http.getRequest(
    template(getSubUserAccountUserWalletId.key, { userWalletId }),
    undefined,
    undefined,
    _CONSTANT2,
    overrideConfig(_CONSTANT1, configOverride),
  );
};

/** Key is end point string without base url */
getSubUserAccountUserWalletId.key = \\"/SubUser/account/{userWalletId}\\";

/** Get a Transaction by it's Id [Needs secure login] */
export const getTransactionTransactionId = (
  transactionId: number,
  configOverride?: AxiosRequestConfig,
): Promise<SwaggerResponse<TransactionApiModel | null>> => {
  return Http.getRequest(
    template(getTransactionTransactionId.key, { transactionId }),
    undefined,
    undefined,
    _CONSTANT2,
    overrideConfig(_CONSTANT1, configOverride),
  );
};

/** Key is end point string without base url */
getTransactionTransactionId.key = \\"/Transaction/{transactionId}\\";

/** Get user bank detail [Needs secure login] */
export const getUserBankUserBankId = (
  /** User bank id */
  userBankId: number,
  configOverride?: AxiosRequestConfig,
): Promise<SwaggerResponse<UserBankDetailApiModel | null>> => {
  return Http.getRequest(
    template(getUserBankUserBankId.key, { userBankId }),
    undefined,
    undefined,
    _CONSTANT2,
    overrideConfig(_CONSTANT1, configOverride),
  );
};

/** Key is end point string without base url */
getUserBankUserBankId.key = \\"/UserBank/{userBankId}\\";

export const getUserWalletUserWalletId = (
  userWalletId: number,
  configOverride?: AxiosRequestConfig,
): Promise<SwaggerResponse<WalletDetailApiModel | null>> => {
  return Http.getRequest(
    template(getUserWalletUserWalletId.key, { userWalletId }),
    undefined,
    undefined,
    _CONSTANT2,
    overrideConfig(_CONSTANT1, configOverride),
  );
};

/** Key is end point string without base url */
getUserWalletUserWalletId.key = \\"/UserWallet/{userWalletId}\\";

/**
 * Resend Connection Request to Sub-User [Feature just allowed for the business
 * users] [Deprecated, use 'businessuser/invite/{invitationId}/resend' instead]
 *
 * @deprecated This endpoint deprecated and will be remove. Please use an
 *   alternative
 */
export const postBusinessUserResendInvitationId = (
  /** Invitation Id */
  invitationId: number,
  configOverride?: AxiosRequestConfig,
): Promise<SwaggerResponse<SubUserConnectionApiModel | null>> => {
  if (__DEV__) {
    console.warn(
      \\"postBusinessUserResendInvitationId\\",
      \\"This endpoint deprecated and will be remove. Please use an alternative\\",
    );
  }
  return Http.postRequest(
    template(postBusinessUserResendInvitationId.key, { invitationId }),
    undefined,
    undefined,
    _CONSTANT0,
    overrideConfig(_CONSTANT1, configOverride),
  );
};

/** Key is end point string without base url */
postBusinessUserResendInvitationId.key = \\"/BusinessUser/resend/{invitationId}\\";

export const postEpayRequestEpayTokenPayUserWalletId = (
  epayToken: string,
  userWalletId: number,
  requestBody: EpayRequestPayInput,
  configOverride?: AxiosRequestConfig,
): Promise<SwaggerResponse<WalletReceiptApiModel | null>> => {
  return Http.postRequest(
    template(postEpayRequestEpayTokenPayUserWalletId.key, {
      epayToken,
      userWalletId,
    }),
    undefined,
    requestBody,
    _CONSTANT2,
    overrideConfig(_CONSTANT3, configOverride),
  );
};

/** Key is end point string without base url */
postEpayRequestEpayTokenPayUserWalletId.key =
  \\"/EpayRequest/{epayToken}/pay/{userWalletId}\\";

export const postEpayRequestUserWalletId = (
  /** User Wallet id */
  userWalletId: number,
  requestBody: RequestBodyNewEpayRequestInput,
  configOverride?: AxiosRequestConfig,
): Promise<SwaggerResponse<EpayRequestDetailApiModel | null>> => {
  return Http.postRequest(
    template(postEpayRequestUserWalletId.key, { userWalletId }),
    undefined,
    requestBody,
    _CONSTANT2,
    overrideConfig(_CONSTANT3, configOverride),
  );
};

/** Key is end point string without base url */
postEpayRequestUserWalletId.key = \\"/EpayRequest/{userWalletId}\\";

/**
 * @deprecated This endpoint deprecated and will be remove. Please use an
 *   alternative
 */
export const postSubUserNotificationUserWalletId = (
  /** UserWallet's Id */
  userWalletId: number,
  requestBody: RequestBodySubUserNotificationStatusInput,
  configOverride?: AxiosRequestConfig,
): Promise<SwaggerResponse<string>> => {
  if (__DEV__) {
    console.warn(
      \\"postSubUserNotificationUserWalletId\\",
      \\"This endpoint deprecated and will be remove. Please use an alternative\\",
    );
  }
  return Http.postRequest(
    template(postSubUserNotificationUserWalletId.key, { userWalletId }),
    undefined,
    requestBody,
    _CONSTANT2,
    overrideConfig(_CONSTANT4, configOverride),
  );
};

/** Key is end point string without base url */
postSubUserNotificationUserWalletId.key =
  \\"/SubUser/notification/{userWalletId}\\";

/** Transfer money */
export const postTransferUserWalletId = (
  userWalletId: number,
  requestBody: RequestBodyTransferMoneyInput,
  configOverride?: AxiosRequestConfig,
): Promise<SwaggerResponse<TransferMoneyApiModel | null>> => {
  return Http.postRequest(
    template(postTransferUserWalletId.key, { userWalletId }),
    undefined,
    requestBody,
    _CONSTANT2,
    overrideConfig(_CONSTANT3, configOverride),
  );
};

/** Key is end point string without base url */
postTransferUserWalletId.key = \\"/Transfer/{userWalletId}\\";

/**
 * Change sub user connection info [Feature just allowed for the business users]
 * [Needs secure login]
 */
export const putBusinessUserConnectionConnectionId = (
  /** Connection Id */
  connectionId: number,
  requestBody: EditConnectionInfoInput,
  configOverride?: AxiosRequestConfig,
): Promise<SwaggerResponse<SubUserConnectionApiModel | null>> => {
  return Http.putRequest(
    template(putBusinessUserConnectionConnectionId.key, { connectionId }),
    undefined,
    requestBody,
    _CONSTANT2,
    overrideConfig(_CONSTANT3, configOverride),
  );
};

/** Key is end point string without base url */
putBusinessUserConnectionConnectionId.key =
  \\"/BusinessUser/connection/{connectionId}\\";

export const putBusinessUserConnectionConnectionIdPermissionUserWalletId = (
  connectionId: number,
  /** Id of Account to edit it's permissios */
  userWalletId: number,
  requestBody: EditSubUserPermissionInput,
  configOverride?: AxiosRequestConfig,
): Promise<SwaggerResponse<string>> => {
  return Http.putRequest(
    template(putBusinessUserConnectionConnectionIdPermissionUserWalletId.key, {
      connectionId,
      userWalletId,
    }),
    undefined,
    requestBody,
    _CONSTANT2,
    overrideConfig(_CONSTANT4, configOverride),
  );
};

/** Key is end point string without base url */
putBusinessUserConnectionConnectionIdPermissionUserWalletId.key =
  \\"/BusinessUser/connection/{connectionId}/permission/{userWalletId}\\";

/** Edit user bank [Needs secure login] */
export const putUserBankUserBankId = (
  /** User bank id */
  userBankId: number,
  requestBody: RequestBodyUserBankInput,
  configOverride?: AxiosRequestConfig,
): Promise<SwaggerResponse<UserBankApiModel | null>> => {
  return Http.putRequest(
    template(putUserBankUserBankId.key, { userBankId }),
    undefined,
    requestBody,
    _CONSTANT2,
    overrideConfig(_CONSTANT3, configOverride),
  );
};

/** Key is end point string without base url */
putUserBankUserBankId.key = \\"/UserBank/{userBankId}\\";

export const putUserWalletUserWalletId = (
  userWalletId: number,
  requestBody: RequestBodyAccountCreationApiModel,
  configOverride?: AxiosRequestConfig,
): Promise<SwaggerResponse<WalletDisplayApiModel | null>> => {
  return Http.putRequest(
    template(putUserWalletUserWalletId.key, { userWalletId }),
    undefined,
    requestBody,
    _CONSTANT2,
    overrideConfig(_CONSTANT3, configOverride),
  );
};

/** Key is end point string without base url */
putUserWalletUserWalletId.key = \\"/UserWallet/{userWalletId}\\";
export const _CONSTANT0 = [{ bearer: [\\"Business\\"] }];
export const _CONSTANT1 = {
  headers: {
    \\"Content-Type\\": \\"application/json\\",
    Accept: \\"application/json\\",
  },
};
export const _CONSTANT2 = [{ bearer: [] }];
export const _CONSTANT3 = {
  headers: {
    \\"Content-Type\\": \\"application/json-patch+json\\",
    Accept: \\"application/json\\",
  },
};
export const _CONSTANT4 = {
  headers: {
    \\"Content-Type\\": \\"application/json-patch+json\\",
    Accept: \\"*/*\\",
  },
};
export const _CONSTANT5 = {
  headers: {
    \\"Content-Type\\": \\"application/json\\",
    Accept: \\"*/*\\",
  },
};
"
`;

exports[`includes only includes methods ends with Id: generate hooks 1`] = `
"//@ts-nocheck
/**
 * AUTO_GENERATED Do not change this file directly, use config.ts file instead
 *
 * @version 6
 */

import { AxiosRequestConfig } from \\"axios\\";
import {
  UseQueryOptions,
  useQuery,
  useMutation,
  UseMutationOptions,
  QueryClient,
  QueryKey,
} from \\"@tanstack/react-query\\";
import { RequestError, SwaggerResponse } from \\"./config\\";

import type {
  BankReceiptApiModel,
  BusinessUserConnectionApiModel,
  EditConnectionInfoInput,
  EditSubUserPermissionInput,
  EpayRequestDetailApiModel,
  EpayRequestPayInput,
  PluginApiModel,
  RequestBodyAccountCreationApiModel,
  RequestBodyNewEpayRequestInput,
  RequestBodySubUserNotificationStatusInput,
  RequestBodyTransferMoneyInput,
  RequestBodyUserBankInput,
  SubUserAccountDetailQuery,
  SubUserConnectionApiModel,
  TransactionApiModel,
  TransferMoneyApiModel,
  UserBankApiModel,
  UserBankDetailApiModel,
  WalletDetailApiModel,
  WalletDisplayApiModel,
  WalletReceiptApiModel,
} from \\"./types\\";
import {
  deleteBusinessUserConnectionConnectionId,
  deleteBusinessUserConnectionConnectionIdPermissionUserWalletId,
  deleteSubUserConnectionConnectionId,
  deleteUserConnectionConnectionId,
  getBusinessUserConnectionConnectionId,
  getEpayRequestEpayId,
  getPluginPluginId,
  getReceiptBankEpayTryId,
  getSubUserAccountUserWalletId,
  getTransactionTransactionId,
  getUserBankUserBankId,
  getUserWalletUserWalletId,
  postBusinessUserResendInvitationId,
  postEpayRequestEpayTokenPayUserWalletId,
  postEpayRequestUserWalletId,
  postSubUserNotificationUserWalletId,
  postTransferUserWalletId,
  putBusinessUserConnectionConnectionId,
  putBusinessUserConnectionConnectionIdPermissionUserWalletId,
  putUserBankUserBankId,
  putUserWalletUserWalletId,
} from \\"./services\\";

export type SwaggerTypescriptMutationDefaultParams<TExtra> = {
  _extraVariables?: TExtra;
  configOverride?: AxiosRequestConfig;
};
type SwaggerTypescriptUseQueryOptions<TData> = Omit<
  UseQueryOptions<SwaggerResponse<TData>, RequestError | Error>,
  \\"queryKey\\"
>;

type SwaggerTypescriptUseMutationOptions<TData, TRequest, TExtra> =
  UseMutationOptions<
    SwaggerResponse<TData>,
    RequestError | Error,
    TRequest & SwaggerTypescriptMutationDefaultParams<TExtra>
  >;

/**
 * Disconnect sub user connection [Feature just allowed for the business users]
 * [Needs secure login]
 */
export const useDeleteBusinessUserConnectionConnectionId = <TExtra,>(
  options?: SwaggerTypescriptUseMutationOptions<
    SubUserConnectionApiModel | null,
    {
      /** Connection Id */
      connectionId: number;
    },
    TExtra
  >,
) => {
  return useMutation({
    mutationFn: (_o) => {
      const { connectionId, configOverride } = _o || {};
      return deleteBusinessUserConnectionConnectionId(
        connectionId,
        configOverride,
      );
    },
    ...options,
  });
};
export const useDeleteBusinessUserConnectionConnectionIdPermissionUserWalletId =
  <TExtra,>(
    options?: SwaggerTypescriptUseMutationOptions<
      string,
      {
        connectionId: number;
        /** Id of Account to delete it's permissios */
        userWalletId: number;
      },
      TExtra
    >,
  ) => {
    return useMutation({
      mutationFn: (_o) => {
        const { connectionId, userWalletId, configOverride } = _o || {};
        return deleteBusinessUserConnectionConnectionIdPermissionUserWalletId(
          connectionId,
          userWalletId,
          configOverride,
        );
      },
      ...options,
    });
  };

/**
 * Disconnect business user connection [Feature just allowed for SubUsers]
 * [Needs secure login] [Deprecated, use 'user/connection/{connectionId}'
 * instead]
 *
 * @deprecated This endpoint deprecated and will be remove. Please use an
 *   alternative
 */
export const useDeleteSubUserConnectionConnectionId = <TExtra,>(
  options?: SwaggerTypescriptUseMutationOptions<
    BusinessUserConnectionApiModel | null,
    {
      /** Connection id */
      connectionId: number;
    },
    TExtra
  >,
) => {
  return useMutation({
    mutationFn: (_o) => {
      const { connectionId, configOverride } = _o || {};
      return deleteSubUserConnectionConnectionId(connectionId, configOverride);
    },
    ...options,
  });
};

/**
 * Disconnect business user connection [Feature just allowed for normal users]
 * [Needs secure login]
 */
export const useDeleteUserConnectionConnectionId = <TExtra,>(
  options?: SwaggerTypescriptUseMutationOptions<
    BusinessUserConnectionApiModel | null,
    {
      /** Connection id */
      connectionId: number;
    },
    TExtra
  >,
) => {
  return useMutation({
    mutationFn: (_o) => {
      const { connectionId, configOverride } = _o || {};
      return deleteUserConnectionConnectionId(connectionId, configOverride);
    },
    ...options,
  });
};

/**
 * Get the connection detail [Feature just allowed for the business users]
 * [Needs secure login]
 */
export const useGetBusinessUserConnectionConnectionId = (
  /** Connection Id */
  connectionId: number,
  options?: SwaggerTypescriptUseQueryOptions<SubUserConnectionApiModel | null>,
  configOverride?: AxiosRequestConfig,
) => {
  const { key, fun } = useGetBusinessUserConnectionConnectionId.info(
    connectionId,
    configOverride,
  );

  return useQuery({
    queryKey: key,
    queryFn: fun,
    ...options,
  });
};
useGetBusinessUserConnectionConnectionId.info = (
  /** Connection Id */
  connectionId: number,
  configOverride?: AxiosRequestConfig,
) => {
  return {
    key: [getBusinessUserConnectionConnectionId.key, connectionId] as QueryKey,
    fun: () =>
      getBusinessUserConnectionConnectionId(connectionId, configOverride),
  };
};
useGetBusinessUserConnectionConnectionId.prefetch = (
  client: QueryClient,

  /** Connection Id */
  connectionId: number,
  options?: SwaggerTypescriptUseQueryOptions<SubUserConnectionApiModel | null>,
  configOverride?: AxiosRequestConfig,
) => {
  const { key, fun } = useGetBusinessUserConnectionConnectionId.info(
    connectionId,
    configOverride,
  );

  return client.getQueryData(key)
    ? Promise.resolve()
    : client.prefetchQuery({
        queryKey: key,
        queryFn: () => fun(),
        ...options,
      });
};

/** Get epay request detail based on Id */
export const useGetEpayRequestEpayId = (
  /** EpayRequest's Id */
  epayId: number,
  options?: SwaggerTypescriptUseQueryOptions<EpayRequestDetailApiModel | null>,
  configOverride?: AxiosRequestConfig,
) => {
  const { key, fun } = useGetEpayRequestEpayId.info(epayId, configOverride);

  return useQuery({
    queryKey: key,
    queryFn: fun,
    ...options,
  });
};
useGetEpayRequestEpayId.info = (
  /** EpayRequest's Id */
  epayId: number,
  configOverride?: AxiosRequestConfig,
) => {
  return {
    key: [getEpayRequestEpayId.key, epayId] as QueryKey,
    fun: () => getEpayRequestEpayId(epayId, configOverride),
  };
};
useGetEpayRequestEpayId.prefetch = (
  client: QueryClient,

  /** EpayRequest's Id */
  epayId: number,
  options?: SwaggerTypescriptUseQueryOptions<EpayRequestDetailApiModel | null>,
  configOverride?: AxiosRequestConfig,
) => {
  const { key, fun } = useGetEpayRequestEpayId.info(epayId, configOverride);

  return client.getQueryData(key)
    ? Promise.resolve()
    : client.prefetchQuery({
        queryKey: key,
        queryFn: () => fun(),
        ...options,
      });
};
export const useGetPluginPluginId = (
  pluginId: number,
  options?: SwaggerTypescriptUseQueryOptions<PluginApiModel | null>,
  configOverride?: AxiosRequestConfig,
) => {
  const { key, fun } = useGetPluginPluginId.info(pluginId, configOverride);

  return useQuery({
    queryKey: key,
    queryFn: fun,
    ...options,
  });
};
useGetPluginPluginId.info = (
  pluginId: number,
  configOverride?: AxiosRequestConfig,
) => {
  return {
    key: [getPluginPluginId.key, pluginId] as QueryKey,
    fun: () => getPluginPluginId(pluginId, configOverride),
  };
};
useGetPluginPluginId.prefetch = (
  client: QueryClient,
  pluginId: number,
  options?: SwaggerTypescriptUseQueryOptions<PluginApiModel | null>,
  configOverride?: AxiosRequestConfig,
) => {
  const { key, fun } = useGetPluginPluginId.info(pluginId, configOverride);

  return client.getQueryData(key)
    ? Promise.resolve()
    : client.prefetchQuery({
        queryKey: key,
        queryFn: () => fun(),
        ...options,
      });
};

/** Get bank receipt by EPayTry id [For anonymous users] */
export const useGetReceiptBankEpayTryId = (
  /** EpayTry's id to get receipt for */
  epayTryId: string,
  options?: SwaggerTypescriptUseQueryOptions<BankReceiptApiModel | null>,
  configOverride?: AxiosRequestConfig,
) => {
  const { key, fun } = useGetReceiptBankEpayTryId.info(
    epayTryId,
    configOverride,
  );

  return useQuery({
    queryKey: key,
    queryFn: fun,
    ...options,
  });
};
useGetReceiptBankEpayTryId.info = (
  /** EpayTry's id to get receipt for */
  epayTryId: string,
  configOverride?: AxiosRequestConfig,
) => {
  return {
    key: [getReceiptBankEpayTryId.key, epayTryId] as QueryKey,
    fun: () => getReceiptBankEpayTryId(epayTryId, configOverride),
  };
};
useGetReceiptBankEpayTryId.prefetch = (
  client: QueryClient,

  /** EpayTry's id to get receipt for */
  epayTryId: string,
  options?: SwaggerTypescriptUseQueryOptions<BankReceiptApiModel | null>,
  configOverride?: AxiosRequestConfig,
) => {
  const { key, fun } = useGetReceiptBankEpayTryId.info(
    epayTryId,
    configOverride,
  );

  return client.getQueryData(key)
    ? Promise.resolve()
    : client.prefetchQuery({
        queryKey: key,
        queryFn: () => fun(),
        ...options,
      });
};

/** Get permission details of an Account [Feature just allowed for SubUsers] */
export const useGetSubUserAccountUserWalletId = (
  userWalletId: number,
  options?: SwaggerTypescriptUseQueryOptions<SubUserAccountDetailQuery | null>,
  configOverride?: AxiosRequestConfig,
) => {
  const { key, fun } = useGetSubUserAccountUserWalletId.info(
    userWalletId,
    configOverride,
  );

  return useQuery({
    queryKey: key,
    queryFn: fun,
    ...options,
  });
};
useGetSubUserAccountUserWalletId.info = (
  userWalletId: number,
  configOverride?: AxiosRequestConfig,
) => {
  return {
    key: [getSubUserAccountUserWalletId.key, userWalletId] as QueryKey,
    fun: () => getSubUserAccountUserWalletId(userWalletId, configOverride),
  };
};
useGetSubUserAccountUserWalletId.prefetch = (
  client: QueryClient,
  userWalletId: number,
  options?: SwaggerTypescriptUseQueryOptions<SubUserAccountDetailQuery | null>,
  configOverride?: AxiosRequestConfig,
) => {
  const { key, fun } = useGetSubUserAccountUserWalletId.info(
    userWalletId,
    configOverride,
  );

  return client.getQueryData(key)
    ? Promise.resolve()
    : client.prefetchQuery({
        queryKey: key,
        queryFn: () => fun(),
        ...options,
      });
};

/** Get a Transaction by it's Id [Needs secure login] */
export const useGetTransactionTransactionId = (
  transactionId: number,
  options?: SwaggerTypescriptUseQueryOptions<TransactionApiModel | null>,
  configOverride?: AxiosRequestConfig,
) => {
  const { key, fun } = useGetTransactionTransactionId.info(
    transactionId,
    configOverride,
  );

  return useQuery({
    queryKey: key,
    queryFn: fun,
    ...options,
  });
};
useGetTransactionTransactionId.info = (
  transactionId: number,
  configOverride?: AxiosRequestConfig,
) => {
  return {
    key: [getTransactionTransactionId.key, transactionId] as QueryKey,
    fun: () => getTransactionTransactionId(transactionId, configOverride),
  };
};
useGetTransactionTransactionId.prefetch = (
  client: QueryClient,
  transactionId: number,
  options?: SwaggerTypescriptUseQueryOptions<TransactionApiModel | null>,
  configOverride?: AxiosRequestConfig,
) => {
  const { key, fun } = useGetTransactionTransactionId.info(
    transactionId,
    configOverride,
  );

  return client.getQueryData(key)
    ? Promise.resolve()
    : client.prefetchQuery({
        queryKey: key,
        queryFn: () => fun(),
        ...options,
      });
};

/** Get user bank detail [Needs secure login] */
export const useGetUserBankUserBankId = (
  /** User bank id */
  userBankId: number,
  options?: SwaggerTypescriptUseQueryOptions<UserBankDetailApiModel | null>,
  configOverride?: AxiosRequestConfig,
) => {
  const { key, fun } = useGetUserBankUserBankId.info(
    userBankId,
    configOverride,
  );

  return useQuery({
    queryKey: key,
    queryFn: fun,
    ...options,
  });
};
useGetUserBankUserBankId.info = (
  /** User bank id */
  userBankId: number,
  configOverride?: AxiosRequestConfig,
) => {
  return {
    key: [getUserBankUserBankId.key, userBankId] as QueryKey,
    fun: () => getUserBankUserBankId(userBankId, configOverride),
  };
};
useGetUserBankUserBankId.prefetch = (
  client: QueryClient,

  /** User bank id */
  userBankId: number,
  options?: SwaggerTypescriptUseQueryOptions<UserBankDetailApiModel | null>,
  configOverride?: AxiosRequestConfig,
) => {
  const { key, fun } = useGetUserBankUserBankId.info(
    userBankId,
    configOverride,
  );

  return client.getQueryData(key)
    ? Promise.resolve()
    : client.prefetchQuery({
        queryKey: key,
        queryFn: () => fun(),
        ...options,
      });
};
export const useGetUserWalletUserWalletId = (
  userWalletId: number,
  options?: SwaggerTypescriptUseQueryOptions<WalletDetailApiModel | null>,
  configOverride?: AxiosRequestConfig,
) => {
  const { key, fun } = useGetUserWalletUserWalletId.info(
    userWalletId,
    configOverride,
  );

  return useQuery({
    queryKey: key,
    queryFn: fun,
    ...options,
  });
};
useGetUserWalletUserWalletId.info = (
  userWalletId: number,
  configOverride?: AxiosRequestConfig,
) => {
  return {
    key: [getUserWalletUserWalletId.key, userWalletId] as QueryKey,
    fun: () => getUserWalletUserWalletId(userWalletId, configOverride),
  };
};
useGetUserWalletUserWalletId.prefetch = (
  client: QueryClient,
  userWalletId: number,
  options?: SwaggerTypescriptUseQueryOptions<WalletDetailApiModel | null>,
  configOverride?: AxiosRequestConfig,
) => {
  const { key, fun } = useGetUserWalletUserWalletId.info(
    userWalletId,
    configOverride,
  );

  return client.getQueryData(key)
    ? Promise.resolve()
    : client.prefetchQuery({
        queryKey: key,
        queryFn: () => fun(),
        ...options,
      });
};

/**
 * Resend Connection Request to Sub-User [Feature just allowed for the business
 * users] [Deprecated, use 'businessuser/invite/{invitationId}/resend' instead]
 *
 * @deprecated This endpoint deprecated and will be remove. Please use an
 *   alternative
 */
export const usePostBusinessUserResendInvitationId = <TExtra,>(
  options?: SwaggerTypescriptUseMutationOptions<
    SubUserConnectionApiModel | null,
    {
      /** Invitation Id */
      invitationId: number;
    },
    TExtra
  >,
) => {
  return useMutation({
    mutationFn: (_o) => {
      const { invitationId, configOverride } = _o || {};
      return postBusinessUserResendInvitationId(invitationId, configOverride);
    },
    ...options,
  });
};
export const usePostEpayRequestEpayTokenPayUserWalletId = <TExtra,>(
  options?: SwaggerTypescriptUseMutationOptions<
    WalletReceiptApiModel | null,
    {
      epayToken: string;
      userWalletId: number;
      requestBody: EpayRequestPayInput;
    },
    TExtra
  >,
) => {
  return useMutation({
    mutationFn: (_o) => {
      const { epayToken, userWalletId, requestBody, configOverride } = _o || {};
      return postEpayRequestEpayTokenPayUserWalletId(
        epayToken,
        userWalletId,
        requestBody,
        configOverride,
      );
    },
    ...options,
  });
};
export const usePostEpayRequestUserWalletId = <TExtra,>(
  options?: SwaggerTypescriptUseMutationOptions<
    EpayRequestDetailApiModel | null,
    {
      /** User Wallet id */
      userWalletId: number;
      requestBody: RequestBodyNewEpayRequestInput;
    },
    TExtra
  >,
) => {
  return useMutation({
    mutationFn: (_o) => {
      const { userWalletId, requestBody, configOverride } = _o || {};
      return postEpayRequestUserWalletId(
        userWalletId,
        requestBody,
        configOverride,
      );
    },
    ...options,
  });
};

/**
 * @deprecated This endpoint deprecated and will be remove. Please use an
 *   alternative
 */
export const usePostSubUserNotificationUserWalletId = <TExtra,>(
  options?: SwaggerTypescriptUseMutationOptions<
    string,
    {
      /** UserWallet's Id */
      userWalletId: number;
      requestBody: RequestBodySubUserNotificationStatusInput;
    },
    TExtra
  >,
) => {
  return useMutation({
    mutationFn: (_o) => {
      const { userWalletId, requestBody, configOverride } = _o || {};
      return postSubUserNotificationUserWalletId(
        userWalletId,
        requestBody,
        configOverride,
      );
    },
    ...options,
  });
};

/** Transfer money */
export const usePostTransferUserWalletId = <TExtra,>(
  options?: SwaggerTypescriptUseMutationOptions<
    TransferMoneyApiModel | null,
    { userWalletId: number; requestBody: RequestBodyTransferMoneyInput },
    TExtra
  >,
) => {
  return useMutation({
    mutationFn: (_o) => {
      const { userWalletId, requestBody, configOverride } = _o || {};
      return postTransferUserWalletId(
        userWalletId,
        requestBody,
        configOverride,
      );
    },
    ...options,
  });
};

/**
 * Change sub user connection info [Feature just allowed for the business users]
 * [Needs secure login]
 */
export const usePutBusinessUserConnectionConnectionId = <TExtra,>(
  options?: SwaggerTypescriptUseMutationOptions<
    SubUserConnectionApiModel | null,
    {
      /** Connection Id */
      connectionId: number;
      requestBody: EditConnectionInfoInput;
    },
    TExtra
  >,
) => {
  return useMutation({
    mutationFn: (_o) => {
      const { connectionId, requestBody, configOverride } = _o || {};
      return putBusinessUserConnectionConnectionId(
        connectionId,
        requestBody,
        configOverride,
      );
    },
    ...options,
  });
};
export const usePutBusinessUserConnectionConnectionIdPermissionUserWalletId = <
  TExtra,
>(
  options?: SwaggerTypescriptUseMutationOptions<
    string,
    {
      connectionId: number;
      /** Id of Account to edit it's permissios */
      userWalletId: number;
      requestBody: EditSubUserPermissionInput;
    },
    TExtra
  >,
) => {
  return useMutation({
    mutationFn: (_o) => {
      const { connectionId, userWalletId, requestBody, configOverride } =
        _o || {};
      return putBusinessUserConnectionConnectionIdPermissionUserWalletId(
        connectionId,
        userWalletId,
        requestBody,
        configOverride,
      );
    },
    ...options,
  });
};

/** Edit user bank [Needs secure login] */
export const usePutUserBankUserBankId = <TExtra,>(
  options?: SwaggerTypescriptUseMutationOptions<
    UserBankApiModel | null,
    {
      /** User bank id */
      userBankId: number;
      requestBody: RequestBodyUserBankInput;
    },
    TExtra
  >,
) => {
  return useMutation({
    mutationFn: (_o) => {
      const { userBankId, requestBody, configOverride } = _o || {};
      return putUserBankUserBankId(userBankId, requestBody, configOverride);
    },
    ...options,
  });
};
export const usePutUserWalletUserWalletId = <TExtra,>(
  options?: SwaggerTypescriptUseMutationOptions<
    WalletDisplayApiModel | null,
    { userWalletId: number; requestBody: RequestBodyAccountCreationApiModel },
    TExtra
  >,
) => {
  return useMutation({
    mutationFn: (_o) => {
      const { userWalletId, requestBody, configOverride } = _o || {};
      return putUserWalletUserWalletId(
        userWalletId,
        requestBody,
        configOverride,
      );
    },
    ...options,
  });
};
"
`;

exports[`includes only includes methods ends with Id: generate type 1`] = `
"//@ts-nocheck
/**
 * AUTO_GENERATED Do not change this file directly, use config.ts file instead
 *
 * @version 6
 */

export interface AccountBalanceApiModel {
  /** - Format: decimal */
  realBalance: number;
  /** - Format: decimal */
  totalBalance: number;
}

export interface AccountCreationApiModel {
  automaticSettlement?: boolean | null;
  getComissionFromPayer?: boolean | null;
  isActive?: boolean | null;
  title?: string | null;
  /** - Format: int32 */
  userBankId?: number | null;
}

export interface AccountInfoApiModel {
  /** - Format: int64 */
  userWalletId: number;
  accountOwnerAvatarUrl?: string | null;
  accountOwnerTitle?: string | null;
}

export interface AccountPermittedSubUserQuery {
  /** - Format: int64 */
  connectionId: number;
  connectionStatus: SubUserConnectionStatus;
  /**
   * [Deprecated, use 'ConnectionStatus' instead]
   *
   * @deprecated Use 'ConnectionStatus' instead.
   */
  subUserConnectionStatus: SubUserConnectionStatus;
  /** - Format: guid */
  subuserId: string;
  subuserStatus: SubuserStatus;
  connectDate?: string | null;
  connectionStatusDisplay?: string | null;
  disconnectDate?: string | null;
  subUserAvatarUrl?: string | null;
  subUserContact?: string | null;
  subUserPositionTitle?: string | null;
  subUserTitle?: string | null;
  subuserStatusDisplay?: string | null;
}

export interface AccountSettingNotificationStatusApiModel {
  notificationEnabled: boolean;
}

export enum AccountStatus {
  \\"Block\\" = \\"Block\\",
  \\"OK\\" = \\"OK\\",
}

export interface AggregationApiModel {
  /** - Format: int32 */
  count: number;
  /** - Format: decimal */
  sum: number;
}

export interface AllTransactionsReportApiModel {
  credits?: ReportApiModel[] | null;
  debits?: ReportApiModel[] | null;
}

export interface BankApiModel {
  /** - Format: int32 */
  id: number;
  logoUrl?: string | null;
  name?: string | null;
}

export interface BankReceiptApiModel {
  /** - Format: decimal */
  amount: number;
  /** - Format: decimal */
  commissionAmount: number;
  /** - Format: date-time */
  createDate: string;
  failed: boolean;
  type: EpayRequestType;
  createDateDisplay?: string | null;
  creatorUserAvatarUrl?: string | null;
  creatorUserDisplayName?: string | null;
  description?: string | null;
  failureMessage?: string | null;
  /** - Format: int64 */
  operationId?: number | null;
  /** - Format: int64 */
  payerAccountId?: number | null;
  payerAccountName?: string | null;
  payerAccountNumber?: string | null;
  shareUrl?: string | null;
  targetAccountNumber?: string | null;
  targetAvatarUrl?: string | null;
  targetUserDisplayName?: string | null;
  typeDisplay?: string | null;
  /** - Format: int64 */
  voucherId?: number | null;
}

export interface BusinessCategoryApiModel {
  id: BusinessType;
  title?: string | null;
}

export enum BusinessShareType {
  \\"Person\\" = \\"Person\\",
  \\"PrivateStock\\" = \\"PrivateStock\\",
  \\"PublicStock\\" = \\"PublicStock\\",
  \\"Limited\\" = \\"Limited\\",
  \\"GeneralPartnership\\" = \\"GeneralPartnership\\",
  \\"Institute\\" = \\"Institute\\",
  \\"Cooperative\\" = \\"Cooperative\\",
}

export enum BusinessType {
  \\"Ads\\" = \\"Ads\\",
  \\"Investment\\" = \\"Investment\\",
  \\"Production\\" = \\"Production\\",
  \\"Trade\\" = \\"Trade\\",
  \\"Software\\" = \\"Software\\",
}

export interface BusinessUserConnectionApiModel {
  /** - Format: guid */
  businessId: string;
  status: SubUserConnectionStatus;
  /**
   * [Deprecated, use 'Status' instead]
   *
   * @deprecated Use 'Status' instead.
   */
  subUserConnectionStatus: SubUserConnectionStatus;
  businessAvatarUrl?: string | null;
  businessName?: string | null;
  connectDate?: string | null;
  /** - Format: date-time */
  connectDateTime?: string | null;
  /** - Format: int64 */
  connectionId?: number | null;
  disconnectDate?: string | null;
  /** - Format: date-time */
  disconnectDateTime?: string | null;
  positionTitle?: string | null;
  statusDisplay?: string | null;
}

export enum CallbackType {
  \\"None\\" = \\"None\\",
  \\"Redirect\\" = \\"Redirect\\",
  \\"RedirectWithPost\\" = \\"RedirectWithPost\\",
  \\"Call\\" = \\"Call\\",
}

export interface ClientPurchaseInput {
  /** - Format: decimal */
  amount: number;
  /** - Format: int32 */
  instituteCode: number;
  /** - Format: int32 */
  userWalletId: number;
  driverCode?: string | null;
}

export enum ComissionType {
  \\"Percentage\\" = \\"Percentage\\",
  \\"Fixed\\" = \\"Fixed\\",
}

export interface CommissionAmountApiModel {
  /**
   * [Deprecated, use 'CommissionAmount' instead]
   *
   * - Format: decimal
   *
   * @deprecated Use CommissionAmount instead.
   */
  comissionAmount: number;
  /**
   * کارمزد
   *
   * - Format: decimal
   */
  commissionAmount: number;
  /**
   * مبلغ اصلی
   *
   * - Format: decimal
   */
  requestAmount: number;
  /**
   * جمع مبلغ اصلی و کارمزد
   *
   * - Format: decimal
   */
  totalAmount: number;
}

export interface CommissionPolicyApiModel {
  commissionType: ComissionType;
  logicalAction: LogicalActionType;
  commissionTypeDisplay?: string | null;
  /** - Format: decimal */
  fixedValue?: number | null;
  logicalActionDisplay?: string | null;
  /** - Format: decimal */
  maxValue?: number | null;
  /** - Format: double */
  percent?: number | null;
  title?: string | null;
  value?: string | null;
}

export interface ContactApiModel {
  audienceType: UserIdentifierType;
  /** - Format: int64 */
  id: number;
  audienceTypeDisplay?: string | null;
  contact?: string | null;
  fullName?: string | null;
  userDisplayName?: string | null;
  /** - Format: guid */
  userId?: string | null;
  userProfileImageLink?: string | null;
}

export enum DatePart {
  \\"Minute\\" = \\"Minute\\",
  \\"Hour\\" = \\"Hour\\",
  \\"Day\\" = \\"Day\\",
  \\"Week\\" = \\"Week\\",
  \\"Month\\" = \\"Month\\",
  \\"Year\\" = \\"Year\\",
  \\"All\\" = \\"All\\",
}

export interface DateReportApiModelOfDecimal {
  /** - Format: int32 */
  day: number;
  /** - Format: int32 */
  key: number;
  /** - Format: int32 */
  month: number;
  /** - Format: decimal */
  value: number;
  /** - Format: int32 */
  year: number;
  dayName?: string | null;
  label?: string | null;
  monthName?: string | null;
}

export interface DateReportApiModelOfInteger {
  /** - Format: int32 */
  day: number;
  /** - Format: int32 */
  key: number;
  /** - Format: int32 */
  month: number;
  /** - Format: int32 */
  value: number;
  /** - Format: int32 */
  year: number;
  dayName?: string | null;
  label?: string | null;
  monthName?: string | null;
}

export interface DivideEpayRequestServiceInput {
  /** - Format: decimal */
  amount: number;
  expiresAfterDays: number;
  /** - Format: date-time */
  invoiceDate: string;
  isAutoRedirect: boolean;
  isBlocking: boolean;
  callBackUrl?: string | null;
  description?: string | null;
  divisions?: DivideEpayRequestShareModel[] | null;
  invoiceNumber?: string | null;
}

export interface DivideEpayRequestShareModel {
  /** - Format: decimal */
  amount: number;
  /** - Format: decimal */
  dividerAmount: number;
  apiKey?: string | null;
  invoiceNumber?: string | null;
}

export interface DividedEpayRequestCancelInput {
  /** - Format: decimal */
  dividerAmount: number;
  /** - Format: decimal */
  userAmount: number;
  description?: string | null;
  firstName?: string | null;
  invoiceNumber?: string | null;
  lastName?: string | null;
  paymentToken?: string | null;
  shebaNo?: string | null;
  userApiKey?: string | null;
}

export interface DividedEpayRequestCancelResult {
  /** - Format: decimal */
  cancelledAmount: number;
}

export interface DividedEpayRequestUnblockInput {
  /** - Format: decimal */
  dividerAmount: number;
  /** - Format: decimal */
  userAmount: number;
  description?: string | null;
  invoiceNumber?: string | null;
  paymentToken?: string | null;
  userApiKey?: string | null;
}

export interface DividedEpayRequestUnblockResult {
  /** - Format: decimal */
  unblockedAmount: number;
}

export interface DocumentApiModel {
  contentType: DocumentContentType;
  /** - Format: date-time */
  createDate: string;
  /**
   * [Deprecated, use 'ContentType' instead]
   *
   * @deprecated Use 'ContentType' instead.
   */
  documentContentType: DocumentContentType;
  /** - Format: int64 */
  fileSize: number;
  fileType: FileTypes;
  /**
   * [Deprecated, use 'FileType' instead]
   *
   * @deprecated Use 'FileType' instead.
   */
  fileTypes: FileTypes;
  /** - Format: guid */
  uniqueId: string;
  contentTypeDisplay?: string | null;
  fileName?: string | null;
  fileTypeDisplay?: string | null;
  fileUrl?: string | null;
}

export enum DocumentContentType {
  \\"Other\\" = \\"Other\\",
  \\"UserBankVerification\\" = \\"UserBankVerification\\",
  \\"IdentityCard\\" = \\"IdentityCard\\",
  \\"BusinessStatute\\" = \\"BusinessStatute\\",
  \\"BusinessLatestChangesAnnouncement\\" = \\"BusinessLatestChangesAnnouncement\\",
  \\"BusinessOwnersIdentityCards\\" = \\"BusinessOwnersIdentityCards\\",
  \\"BusinessOwnersBirthCertificates\\" = \\"BusinessOwnersBirthCertificates\\",
}

export interface DocumentInput {
  documentContentType: DocumentContentType;
  /** - Format: guid */
  fileUniqueId: string;
}

export interface DriverInfoResult {
  barcodType: number;
  barcodTypeDescription?: string | null;
  customData?: TaxiInfoOutput | null;
  firstName?: string | null;
  /** - Format: int64 */
  identificationCode?: number | null;
  identificationDesc?: string | null;
  imageUrl?: string | null;
  lastName?: string | null;
  nationalCode?: string | null;
  price?: TaxiPriceOutput[] | null;
}

export interface DropDownResultItemOfIdentityStatus {
  value: IdentityStatus;
  display?: string | null;
}

export interface DropDownResultOfIdentityStatus {
  items?: DropDownResultItemOfIdentityStatus[] | null;
}

export interface EPayPluginSpecificApiModel {
  id?: string | null;
  persianName?: string | null;
  /**
   * [Deprecated, don't use this property anymore, it is always null]
   *
   * @deprecated Don't use this property anymore, it is always null.
   */
  pluginPropertyId?: string | null;
  /**
   * [Deprecated, use 'Id' instead]
   *
   * @deprecated Use 'Id' instead.
   */
  pluginPropertyName?: string | null;
  /**
   * [Deprecated, use 'PersianName' instead]
   *
   * @deprecated Use 'PersianName' instead.
   */
  pluginPropertyPersianName?: string | null;
  value?: string | null;
}

export interface EPayRequestAudienceInput {
  contact?: string | null;
  fullName?: string | null;
}

export interface EditConnectionInfoInput {
  position?: string | null;
}

export interface EditSubUserPermissionInput {
  isEnabled?: boolean | null;
  subUserPermissionType?: SubUserPermissionType | null;
}

export enum EpayRequestActualState {
  \\"Initiated\\" = \\"Initiated\\",
  \\"Paid\\" = \\"Paid\\",
  \\"Cancelled\\" = \\"Cancelled\\",
  \\"Expired\\" = \\"Expired\\",
}

export interface EpayRequestApiModel {
  /** - Format: decimal */
  amount: number;
  /** - Format: date-time */
  createDateTime: string;
  /**
   * [Deprecated, use 'Status' instead]
   *
   * @deprecated Use 'Status' instead.
   */
  epayRequestStatus: EpayRequestStatus;
  /** - Format: date-time */
  expireDateTime: string;
  /** - Format: int64 */
  id: number;
  status: EpayRequestActualState;
  /** - Format: int64 */
  userWalletId: number;
  assistantDisplayName?: string | null;
  assistantPositionTitle?: string | null;
  /** - Format: guid */
  assistantUserId?: string | null;
  createDate?: string | null;
  description?: string | null;
  /**
   * [Deprecated, don't use EpayRequestAudience]
   *
   * @deprecated Don't use EpayRequestAudience.
   */
  epayRequestAudience?: EPayRequestAudienceInput[] | null;
  expireDate?: string | null;
  payDate?: string | null;
  /** - Format: date-time */
  payDateTime?: string | null;
  payerName?: string | null;
  paymentLink?: string | null;
  qrCodeLink?: string | null;
  statusDisplay?: string | null;
  targetDisplayName?: string | null;
  userAccountName?: string | null;
}

export interface EpayRequestCheckStatusResult {
  requestStatus: EpayRequestStatus;
  bankReferenceId?: string | null;
  /** - Format: date-time */
  verifyDate?: string | null;
}

export interface EpayRequestDetailApiModel {
  /** - Format: decimal */
  amount: number;
  /**
   * [Deprecated, use 'CommissionAmount' instead]
   *
   * - Format: decimal
   *
   * @deprecated Use 'CommissionAmount' instead.
   */
  comissionAmount: number;
  /** - Format: decimal */
  commissionAmount: number;
  /** - Format: date-time */
  createDateTime: string;
  /**
   * [Deprecated, use 'Status' instead]
   *
   * @deprecated Use 'Status' instead.
   */
  epayRequestStatus: EpayRequestStatus;
  /** - Format: date-time */
  expireDateTime: string;
  /**
   * [Deprecated, use 'GetCommissionFromPayer' instead]
   *
   * @deprecated Use 'GetCommissionFromPayer' instead.
   */
  getComissionByPayer: boolean;
  getCommissionFromPayer: boolean;
  /** - Format: int64 */
  id: number;
  status: EpayRequestActualState;
  /** - Format: int64 */
  userWalletId: number;
  assistantDisplayName?: string | null;
  /** - Format: guid */
  assistantUserId?: string | null;
  audiences?: ContactApiModel[] | null;
  description?: string | null;
  /**
   * [Deprecated, use 'Audiences' instead]
   *
   * @deprecated Use 'Audiences' instead.
   */
  epayRequestAudience?: ContactApiModel[] | null;
  /**
   * [Deprecated, use 'PluginProperties' instead]
   *
   * @deprecated Use 'PluginProperties' instead.
   */
  epayRequestPluginSpecific?: EPayPluginSpecificApiModel[] | null;
  /** - Format: date-time */
  payDateTime?: string | null;
  paymentLink?: string | null;
  /** - Format: int32 */
  pluginId?: number | null;
  pluginName?: string | null;
  pluginProperties?: EPayPluginSpecificApiModel[] | null;
  publicLink?: string | null;
  qrCodeLink?: string | null;
  statusDisplay?: string | null;
  token?: string | null;
  userAccountName?: string | null;
}

export interface EpayRequestForUserQuery {
  /** - Format: decimal */
  amount: number;
  /**
   * [Deprecated, don't use this property anymore]
   *
   * @deprecated Don't use this property anymore.
   */
  canBeCanceled: boolean;
  /** - Format: date-time */
  createDateTime: string;
  /**
   * [Deprecated, use 'Status' instead]
   *
   * @deprecated Use 'Status' instead.
   */
  epayRequestStatus: EpayRequestStatus;
  /** - Format: date-time */
  expireDateTime: string;
  /**
   * [Deprecated, use 'Token' for EPays that created by others]
   *
   * - Format: int64
   *
   * @deprecated Use 'Token' for EPays that created by others.
   */
  id: number;
  status: EpayRequestActualState;
  /**
   * [Deprecated, use 'UserDisplayName' instead]
   *
   * @deprecated Use 'UserDisplayName' instead.
   */
  applicantName?: string | null;
  createDate?: string | null;
  description?: string | null;
  expireDate?: string | null;
  paymentUrl?: string | null;
  statusDisplay?: string | null;
  token?: string | null;
  userAccountNumber?: string | null;
  userDisplayName?: string | null;
}

export interface EpayRequestPayInput {
  description?: string | null;
}

export interface EpayRequestPluginSpecificInput {
  pluginPropertyId?: string | null;
  value?: string | null;
}

export interface EpayRequestPublicInfoApiModel {
  /** - Format: decimal */
  amount: number;
  /** - Format: date-time */
  expireDate: string;
  status: EpayRequestStatus;
  description?: string | null;
  expireDateDisplay?: string | null;
  /** - Format: date-time */
  payDate?: string | null;
  payDateDisplay?: string | null;
  payerName?: string | null;
  paymentUrl?: string | null;
  statusDisplay?: string | null;
  token?: string | null;
  userAccountNumber?: string | null;
  userAvatarUrl?: string | null;
  userDisplayName?: string | null;
}

export interface EpayRequestServiceInput {
  /** - Format: decimal */
  amount: number;
  callbackType: CallbackType;
  /** - Format: guid */
  clientId: string;
  /** - Format: int32 */
  domainId: number;
  /** - Format: int32 */
  expiresAfterDays: number;
  getComissionFromPayer: boolean;
  /** - Format: date-time */
  invoiceDate: string;
  isAutoConfirm: boolean;
  isAutoRedirect: boolean;
  /** - Format: int64 */
  userAccountId: number;
  /**
   * - Format: guid
   * - MinLength: 1
   */
  userId: string;
  audiences?: EPayRequestAudienceInput[] | null;
  callbackUrl?: string | null;
  description?: string | null;
  invoiceNumber?: string | null;
}

export enum EpayRequestStatus {
  \\"Initiated\\" = \\"Initiated\\",
  \\"Paid\\" = \\"Paid\\",
  \\"Cancelled\\" = \\"Cancelled\\",
  \\"Expired\\" = \\"Expired\\",
  \\"Viewed\\" = \\"Viewed\\",
}

export interface EpayRequestTaskInput {
  epayRequestTaskType: EpayRequestTaskType;
}

export enum EpayRequestTaskType {
  \\"Resend\\" = \\"Resend\\",
  \\"Cancel\\" = \\"Cancel\\",
}

export enum EpayRequestType {
  \\"Link\\" = \\"Link\\",
  \\"POS\\" = \\"POS\\",
  \\"Divide\\" = \\"Divide\\",
  \\"DivideWithBlock\\" = \\"DivideWithBlock\\",
  \\"Charge\\" = \\"Charge\\",
  \\"IPG\\" = \\"IPG\\",
}

export interface EpayRequestWcfResult {
  paymentUrl?: string | null;
  requestToken?: string | null;
}

export enum FieldDisplayType {
  \\"String\\" = \\"String\\",
  \\"Text\\" = \\"Text\\",
  \\"Currency\\" = \\"Currency\\",
  \\"Integer\\" = \\"Integer\\",
  \\"Float\\" = \\"Float\\",
  \\"Boolean\\" = \\"Boolean\\",
  \\"List\\" = \\"List\\",
}

export interface FileApiModel {
  /** - Format: int64 */
  fileSize: number;
  /** - Format: guid */
  uniqueId: string;
  fileName?: string | null;
  fileUrl?: string | null;
}

export enum FileTypes {
  \\"Other\\" = \\"Other\\",
  \\"Image\\" = \\"Image\\",
  \\"Pdf\\" = \\"Pdf\\",
}

export interface ForgetPasswordQuery {
  token?: string | null;
}

export interface FullRegisterApiModel {
  fullName?: string | null;
  introducerCode?: string | null;
  phoneNumber?: string | null;
}

export enum Gender {
  \\"Unknown\\" = \\"Unknown\\",
  \\"Male\\" = \\"Male\\",
  \\"Female\\" = \\"Female\\",
}

export interface GroupTransferInput {
  /** - Format: decimal */
  totalAmount: number;
  /** - Format: int64 */
  userWalletId: number;
  description?: string | null;
  targets?: GroupTransferTargetInput[] | null;
}

export interface GroupTransferQuery {
  /** - Format: decimal */
  amount: number;
  /** - Format: date-time */
  createDate: string;
  /** - Format: int64 */
  voucherId: number;
  createDateDisplay?: string | null;
  description?: string | null;
  targets?: GroupTransferTargetQuery[] | null;
  userAccountName?: string | null;
  userDisplayName?: string | null;
}

export interface GroupTransferTargetInput {
  /** - Format: decimal */
  amount: number;
  description?: string | null;
  identifier?: string | null;
}

export interface GroupTransferTargetQuery {
  /** - Format: decimal */
  amount: number;
  accountName?: string | null;
  description?: string | null;
  userDisplayName?: string | null;
  userPhoneNumber?: string | null;
}

export enum GroupTransferTargetStatus {
  \\"InvalidIdentifier\\" = \\"InvalidIdentifier\\",
  \\"Ok\\" = \\"Ok\\",
  \\"Unregistered\\" = \\"Unregistered\\",
  \\"BlockedAccount\\" = \\"BlockedAccount\\",
  \\"InvalidAmount\\" = \\"InvalidAmount\\",
}

export interface GroupTransferTargetValidationInput {
  /** - Format: decimal */
  amount: number;
  description?: string | null;
  /** PhoneNumber or Account Number */
  identifier?: string | null;
}

export interface GroupTransferTargetValidationQuery {
  /** - Format: decimal */
  amount: number;
  identifierType: UserIdentifierType;
  status: GroupTransferTargetStatus;
  /** - Format: int64 */
  userCustomerNumber: number;
  accountNumber?: string | null;
  identifier?: string | null;
  identifierTypeDisplay?: string | null;
  name?: string | null;
  /**
   * [Deprecated, use 'StatusDisplay' instead]
   *
   * @deprecated Use 'StatusDisplay' instead.
   */
  statusDescription?: string | null;
  statusDisplay?: string | null;
  userDisplayName?: string | null;
  userPhoneNumber?: string | null;
}

export enum IPGStatus {
  \\"NotRequested\\" = \\"NotRequested\\",
}

export enum IdentityStatus {
  \\"None\\" = \\"None\\",
  \\"WatingForCheck\\" = \\"WatingForCheck\\",
  \\"Checking\\" = \\"Checking\\",
  \\"EditingRequired\\" = \\"EditingRequired\\",
  \\"Approved\\" = \\"Approved\\",
  \\"Rejected\\" = \\"Rejected\\",
}

export interface ImportantActionApiModel {
  closeable: boolean;
  /** - Format: date-time */
  createTime: string;
  dismissible: boolean;
  /** - Format: int32 */
  id: number;
  isSeen: boolean;
  level: NotificationLevel;
  type: NotificationModelType;
  data?: string | null;
  dataId?: string | null;
  levelDisplay?: string | null;
  text?: string | null;
  title?: string | null;
  typeDisplay?: string | null;
}

export interface InitApiModel {
  versionState: TerminalVersionState;
  appDownloadLink?: string | null;
  versionStateDisplay?: string | null;
}

export interface KpiResult {
  /** - Format: date-time */
  end: string;
  /** - Format: date-time */
  start: string;
  datePart?: DatePart | null;
  kpiName?: string | null;
  targetIds?: string[] | null;
  values?: KpiResultValue[] | null;
}

export interface KpiResultValue {
  /** - Format: date-time */
  endPoint: string;
  /** - Format: date-time */
  extractedTime: string;
  /** - Format: date-time */
  startPoint: string;
  /** - Format: decimal */
  value: number;
  targetId?: string | null;
}

export enum LogEventLevel {
  \\"Verbose\\" = \\"Verbose\\",
  \\"Debug\\" = \\"Debug\\",
  \\"Information\\" = \\"Information\\",
  \\"Warning\\" = \\"Warning\\",
  \\"Error\\" = \\"Error\\",
  \\"Fatal\\" = \\"Fatal\\",
}

export interface LogSetting {
  globalLogLevel: LogEventLevel;
  septaPayLogLevel: LogEventLevel;
  serilogLogLevel: LogEventLevel;
}

export enum LogicalActionType {
  \\"EpayRequest\\" = \\"EpayRequest\\",
  \\"TransferMoney\\" = \\"TransferMoney\\",
  \\"AccountChargeRequest\\" = \\"AccountChargeRequest\\",
  \\"ServiceBill\\" = \\"ServiceBill\\",
  \\"ServiceMobileCharge\\" = \\"ServiceMobileCharge\\",
  \\"POS\\" = \\"POS\\",
  \\"ShareAndBlockRequest\\" = \\"ShareAndBlockRequest\\",
  \\"ShareRequest\\" = \\"ShareRequest\\",
  \\"Settlement\\" = \\"Settlement\\",
  \\"GroupTransferMoney\\" = \\"GroupTransferMoney\\",
  \\"ShareAndUnblock\\" = \\"ShareAndUnblock\\",
  \\"Refund\\" = \\"Refund\\",
  \\"PayCommand\\" = \\"PayCommand\\",
  \\"Gift\\" = \\"Gift\\",
  \\"TaxiFairPayment\\" = \\"TaxiFairPayment\\",
  \\"HitoBitFee\\" = \\"HitoBitFee\\",
}

export interface MachineSignUp {
  /** - Format: int64 */
  customerNumber: number;
  apiKey?: string | null;
}

export interface NewChargeRequestInput {
  /**
   * مبلغ شارژ
   *
   * - Format: decimal
   */
  amount: number;
  /** آدرس بازگشت بعد از پرداخت */
  callbackUrl?: string | null;
}

export interface NewChargeRequestResultQuery {
  paymentLink?: string | null;
}

export interface NewEpayRequestInput {
  /**
   * مبلغ شارژ
   *
   * - Format: decimal
   */
  amount: number;
  /** نوع ارجاع در هنگام ایجاد درخواست */
  callbackType: CallbackType;
  /**
   * تاریخ انتقضا لینک ایجاد شده
   *
   * - Format: int32
   */
  expireDays: number;
  /** انتقال مستقیم به درگاه */
  isAutoConfirm: boolean;
  /** - Format: guid */
  assisstantUserId?: string | null;
  /** اطلاعات پرداخت کننده / ها */
  audiences?: EPayRequestAudienceInput[] | null;
  /** آدرس بازگشت بعد از پرداخت */
  callbackUrl?: string | null;
  /** توضحیات درخواست (بابت) */
  description?: string | null;
  /** نحوه دریافت کارمزد */
  getComissionByPayer?: boolean | null;
  /**
   * تاریخ فاکتور
   *
   * - Format: date-time
   */
  invoiceDate?: string | null;
  /** شماره فاکتور */
  invoiceNumber?: string | null;
  /**
   * ...
   *
   * - Format: int32
   */
  pluginId?: number | null;
  /** ... */
  pluginSpecifics?: EpayRequestPluginSpecificInput[] | null;
}

export interface NewUserIdentityRequestInput {
  documents?: DocumentInput[] | null;
  firstName?: string | null;
  lastName?: string | null;
  nationalCode?: string | null;
}

export interface NotificationApiModel {
  /** - Format: date-time */
  createTime: string;
  isSeen: boolean;
  level: NotificationLevel;
  type: NotificationModelType;
  dataId?: string | null;
  levelDisplay?: string | null;
  text?: string | null;
  title?: string | null;
  typeDisplay?: string | null;
}

export enum NotificationChannel {
  \\"Notification\\" = \\"Notification\\",
  \\"ImportantAction\\" = \\"ImportantAction\\",
  \\"SMS\\" = \\"SMS\\",
  \\"Email\\" = \\"Email\\",
  \\"FCM\\" = \\"FCM\\",
  \\"SignalR\\" = \\"SignalR\\",
}

export enum NotificationLevel {
  \\"Unknown\\" = \\"Unknown\\",
  \\"Default\\" = \\"Default\\",
  \\"Success\\" = \\"Success\\",
  \\"Info\\" = \\"Info\\",
  \\"Warning\\" = \\"Warning\\",
  \\"Danger\\" = \\"Danger\\",
}

export enum NotificationModelType {
  \\"Default\\" = \\"Default\\",
  \\"EPayRequestUnpaid\\" = \\"EPayRequestUnpaid\\",
  \\"EPayRequestPaid\\" = \\"EPayRequestPaid\\",
  \\"UserIdentityUnknown\\" = \\"UserIdentityUnknown\\",
  \\"UserIdentityApproved\\" = \\"UserIdentityApproved\\",
  \\"UserIdentityRejected\\" = \\"UserIdentityRejected\\",
  \\"UpgradeToBusinessApproved\\" = \\"UpgradeToBusinessApproved\\",
  \\"UpgradeToBusinessRejected\\" = \\"UpgradeToBusinessRejected\\",
  \\"UserBankApproved\\" = \\"UserBankApproved\\",
  \\"UserBankRejected\\" = \\"UserBankRejected\\",
  \\"SubUserConnectionCreated\\" = \\"SubUserConnectionCreated\\",
  \\"SubUserInvitationRejected\\" = \\"SubUserInvitationRejected\\",
  \\"SubUserInvitationSent\\" = \\"SubUserInvitationSent\\",
  \\"MoneyDeposit\\" = \\"MoneyDeposit\\",
  \\"MoneyWithdrawal\\" = \\"MoneyWithdrawal\\",
  \\"SubUserDisconnectedByBusiness\\" = \\"SubUserDisconnectedByBusiness\\",
  \\"SubUserDisconnectedBySubUser\\" = \\"SubUserDisconnectedBySubUser\\",
  \\"Activities\\" = \\"Activities\\",
  \\"TradeNotification\\" = \\"TradeNotification\\",
  \\"HitoBitNews\\" = \\"HitoBitNews\\",
  \\"SystemMessages\\" = \\"SystemMessages\\",
}

export enum PlatformType {
  \\"Unknown\\" = \\"Unknown\\",
  \\"Server\\" = \\"Server\\",
  \\"Android\\" = \\"Android\\",
  \\"iOS\\" = \\"iOS\\",
  \\"Device\\" = \\"Device\\",
  \\"Browser\\" = \\"Browser\\",
  \\"PWA\\" = \\"PWA\\",
  \\"Web\\" = \\"Web\\",
  \\"Windows\\" = \\"Windows\\",
  \\"Linux\\" = \\"Linux\\",
  \\"macOS\\" = \\"macOS\\",
  \\"Desktop\\" = \\"Desktop\\",
}

export interface PluginApiModel {
  /** - Format: int32 */
  id: number;
  amountCalculationExpression?: string | null;
  logoFileName?: string | null;
  /** - Format: guid */
  logoFileUniqueId?: string | null;
  logoFileUrl?: string | null;
  name?: string | null;
  properties?: PluginPropertyApiModel[] | null;
}

export interface PluginPropertyApiModel {
  fieldType: FieldDisplayType;
  isFilterable: boolean;
  isRequired: boolean;
  currencyName?: string | null;
  description?: string | null;
  name?: string | null;
  title?: string | null;
  value?: string | null;
}

export interface PosLandingPageApiModel {
  /** - Format: int32 */
  domainId: number;
  /** - Format: guid */
  userId: string;
  accountNumber?: string | null;
  domainEnglishName?: string | null;
  domainLogoFileName?: string | null;
  /** - Format: guid */
  domainLogoFileUniqueId?: string | null;
  domainLogoFileUrl?: string | null;
  domainPersianName?: string | null;
  getCommissionFromPayer?: boolean | null;
  subUserAvatarFileName?: string | null;
  /** - Format: guid */
  subUserAvatarFileUniqueId?: string | null;
  subUserAvatarFileUrl?: string | null;
  subUserDisplayName?: string | null;
  /** - Format: guid */
  subUserId?: string | null;
  userAvatarFileName?: string | null;
  /** - Format: guid */
  userAvatarFileUniqueId?: string | null;
  userAvatarFileUrl?: string | null;
  userDisplayName?: string | null;
}

export interface PosOnlinePayInput {
  /** - Format: decimal */
  amount: number;
  callBackUrl?: string | null;
  callbackType?: CallbackType | null;
  description?: string | null;
  /** - Format: guid */
  subuserId?: string | null;
}

export interface PosWalletPayInput {
  /** - Format: decimal */
  amount: number;
  /** - Format: int64 */
  userWalletId: number;
  description?: string | null;
}

export interface RegisterApiModel {
  deviceBrandName?: string | null;
  deviceId?: string | null;
  deviceOsVersion?: string | null;
  deviceToken?: string | null;
  phoneNumber?: string | null;
}

export interface RegisterNewUserQuery {
  /** - Format: guid */
  userId: string;
  token?: string | null;
}

export interface ReportApiModel {
  /** - Format: int32 */
  count: number;
  /** - Format: int32 */
  day: number;
  /** - Format: int32 */
  dayOfWeek: number;
  /** - Format: int32 */
  key: number;
  /** - Format: int32 */
  month: number;
  /** - Format: decimal */
  sum: number;
  /** - Format: int32 */
  year: number;
  dayName?: string | null;
  label?: string | null;
  monthName?: string | null;
  /** سال دو رقمی */
  yearShort?: string | null;
}

export type RequestBodyAccountCreationApiModel = AccountCreationApiModel;

export interface RequestBodyFile_Upload {
  /** - Format: binary */
  file?: string | null;
}

export type RequestBodyLogEventLevel = LogEventLevel;

export type RequestBodyNewEpayRequestInput = NewEpayRequestInput;

export type RequestBodySubUserNotificationStatusInput =
  SubUserNotificationStatusInput;

export type RequestBodyTransferMoneyInput = TransferMoneyInput;

export type RequestBodyUserBankInput = UserBankInput;

export interface RequestTotpInput {
  phoneNumber?: string | null;
}

export interface ReselledUserActivityApiModel {
  /** - Format: int32 */
  commissionsPaidToResellerCount: number;
  /** - Format: decimal */
  commissionsPaidToResellerSum: number;
  /** - Format: int32 */
  generatedLinks: number;
  /** - Format: int32 */
  paidGeneratedLinks: number;
}

export interface ReselledUserApiModel {
  identityStatus: IdentityStatus;
  ipgStatus: IPGStatus;
  isActive: boolean;
  isBussinessUser: boolean;
  isPerson: boolean;
  /** - Format: guid */
  userId: string;
  userStatus: UserStatus;
  displayName?: string | null;
  identityStatusDisplay?: string | null;
  imageUrl?: string | null;
  ipgStatusDisplay?: string | null;
  lastActivityDate?: string | null;
  phoneNumber?: string | null;
  registerDate?: string | null;
}

export interface ReselledUserFilterData {
  identityStatuses?: DropDownResultOfIdentityStatus | null;
}

export interface ResellerApiModel {
  /** - Format: int32 */
  commissionId: number;
  commissionType: ComissionType;
  /** - Format: date-time */
  endDate: string;
  hasSubDomain: boolean;
  isActive: boolean;
  /** - Format: date-time */
  startDate: string;
  commissionDisplay?: string | null;
  /** - Format: decimal */
  commissionFixedValue?: number | null;
  /** - Format: decimal */
  commissionMaxValue?: number | null;
  commissionName?: string | null;
  /** - Format: double */
  commissionPercent?: number | null;
  commissionTypeDisplay?: string | null;
  endDateDisplay?: string | null;
  introduceLink?: string | null;
  startDateDisplay?: string | null;
}

export interface SendConnectionRequestInput {
  email?: string | null;
  phoneNumber?: string | null;
  position?: string | null;
}

export enum SepidResponseType {
  \\"Succesful\\" = \\"Succesful\\",
  \\"Unsuccesful\\" = \\"Unsuccesful\\",
}

export interface SetAccountAccessForSubUserInput {
  /** - Format: int64 */
  userWalletId?: number | null;
}

export interface SetUserBasicInfoInput {
  /** - Format: guid */
  userId: string;
  firstName?: string | null;
  /** - Format: int64 */
  introducerCode?: number | null;
  lastName?: string | null;
  password?: string | null;
}

export interface SettingApiModel {
  logSetting?: LogSetting | null;
}

export interface SubDomainApiModel {
  /** - Format: int32 */
  domainId: number;
  isActive: boolean;
  /** - Format: guid */
  resellerUserId: string;
  about?: string | null;
  domainEnglishName?: string | null;
  domainPersianName?: string | null;
  englishName?: string | null;
  logoFileName?: string | null;
  /** - Format: guid */
  logoFileUniqueId?: string | null;
  logoFileUrl?: string | null;
  persianName?: string | null;
  resellerUserDisplayName?: string | null;
  subDomainAddress?: string | null;
}

export interface SubDomainUpdateApiModel {
  about?: string | null;
  /** - Format: guid */
  logoFileUniqueId?: string | null;
}

export interface SubUserAccountDetailQuery {
  accountStatus: AccountStatus;
  canAssistantsCreatesEpayRequest: boolean;
  canChargeAccount: boolean;
  canReceiveMoney: boolean;
  canRequestSettlement: boolean;
  canSeeEpayRequests: boolean;
  canSeeSettlementRequests: boolean;
  canSeeTransactions: boolean;
  canTransferMoney: boolean;
  /** - Format: int64 */
  id: number;
  isActive: boolean;
  notificationEnabled: boolean;
  /** - Format: int32 */
  posPaidCount: number;
  /** - Format: int32 */
  posScanCount: number;
  accountNumber?: string | null;
  accountQrCodeUrl?: string | null;
  accountStatusDisplay?: string | null;
  name?: string | null;
  posLinkUrl?: string | null;
}

export interface SubUserActivityApiModel {
  /** - Format: decimal */
  accountChargeRequestAmount: number;
  /** - Format: int32 */
  accountChargeRequestCount: number;
  /** - Format: decimal */
  paidEpayRequestAmount: number;
  /** - Format: int32 */
  paidEpayRequestCount: number;
  /** - Format: decimal */
  settlementRequestAmount: number;
  /** - Format: int32 */
  settlementRequestCount: number;
}

export interface SubUserConnectionApiModel {
  /** - Format: int64 */
  invitationId: number;
  /** - Format: date-time */
  requestDateTime: string;
  status: SubUserConnectionStatus;
  /**
   * [Deprecated, use 'Status' instead]
   *
   * @deprecated Use 'Status' instead,
   */
  subUserConnectionStatus: SubUserConnectionStatus;
  connectDate?: string | null;
  /** - Format: date-time */
  connectDateTime?: string | null;
  /** - Format: int64 */
  connectionId?: number | null;
  disconnectDate?: string | null;
  /** - Format: date-time */
  disconnectDateTime?: string | null;
  removeDate?: string | null;
  /** - Format: date-time */
  removeDateTime?: string | null;
  requestDate?: string | null;
  statusDisplay?: string | null;
  subUserAvatarUrl?: string | null;
  subUserContact?: string | null;
  subUserPositionTitle?: string | null;
  subUserTitle?: string | null;
}

export enum SubUserConnectionStatus {
  \\"Pending\\" = \\"Pending\\",
  \\"Rejected\\" = \\"Rejected\\",
  \\"Connected\\" = \\"Connected\\",
  \\"Disconnected\\" = \\"Disconnected\\",
  \\"Deleted\\" = \\"Deleted\\",
}

export interface SubUserInvitationApiModel {
  /** - Format: date-time */
  invitationDate: string;
  /**
   * [Deprecated, use 'InvitationToken' to call new endpoints]
   *
   * - Format: int64
   *
   * @deprecated Use 'InvitationToken' to call new endpoints.
   */
  invitationId: number;
  businessUserAvatarUrl?: string | null;
  businessUserTitle?: string | null;
  invitationToken?: string | null;
  message?: string | null;
}

export interface SubUserNotificationStatusInput {
  notificationEnabled: boolean;
}

export interface SubUserPermissionApiModel {
  canAccessToAccount: boolean;
  canAssistantsCreatesEpayRequest: boolean;
  canChargeAccount: boolean;
  canGroupTransferMoney: boolean;
  canReceiveMoney: boolean;
  canRequestSettlement: boolean;
  canSeeEpayRequests: boolean;
  canSeeSettlementRequests: boolean;
  canSeeTransactions: boolean;
  canTransferMoney: boolean;
  /** - Format: decimal */
  realBalance: number;
  /** - Format: decimal */
  totalBalance: number;
  /** - Format: int64 */
  userWalletId: number;
  accountNumber?: string | null;
  accountTitle?: string | null;
}

export enum SubUserPermissionType {
  \\"Default\\" = \\"Default\\",
  \\"CanReceiveMoney\\" = \\"CanReceiveMoney\\",
  \\"CanSeeEpayRequests\\" = \\"CanSeeEpayRequests\\",
  \\"CanTransferMoney\\" = \\"CanTransferMoney\\",
  \\"CanSeeTransactions\\" = \\"CanSeeTransactions\\",
  \\"CanRequestSettlement\\" = \\"CanRequestSettlement\\",
  \\"CanChargeAccount\\" = \\"CanChargeAccount\\",
  \\"CanSeeSettlementRequests\\" = \\"CanSeeSettlementRequests\\",
  \\"CanGroupTransferMoney\\" = \\"CanGroupTransferMoney\\",
  \\"CanAssistantsCreatesEpayRequest\\" = \\"CanAssistantsCreatesEpayRequest\\",
}

export interface SubuserInvitationTaskInput {
  subuserInvitationTaskType: SubuserInvitationTaskType;
}

export enum SubuserInvitationTaskType {
  \\"Accept\\" = \\"Accept\\",
  \\"Reject\\" = \\"Reject\\",
}

export enum SubuserStatus {
  \\"Connected\\" = \\"Connected\\",
  \\"DisconnectedByBusinessUser\\" = \\"DisconnectedByBusinessUser\\",
  \\"DisconnectedBySubUser\\" = \\"DisconnectedBySubUser\\",
}

export interface TaxiInfoOutput {
  carTypeCode: number;
  /** - Format: int32 */
  lineCode: number;
  activityType?: string | null;
  destination?: string | null;
  source?: string | null;
  vehicleColor?: string | null;
  vehicleType?: string | null;
}

export enum TaxiPaymentProvider {
  \\"Sepid\\" = \\"Sepid\\",
  \\"Simorgh\\" = \\"Simorgh\\",
}

export interface TaxiPriceOutput {
  /** - Format: int64 */
  amount: number;
  currency?: string | null;
  title?: string | null;
}

export interface TaxiRecieptApiDto {
  /** - Format: decimal */
  amount: number;
  /** - Format: date-time */
  dateTime: string;
  sepidResponse: SepidResponseType;
  taxiProvider: TaxiPaymentProvider;
  accountName?: string | null;
  accountNumber?: string | null;
  sepidResponseDisplay?: string | null;
  taxiProviderDisplay?: string | null;
}

export interface TerminalVersionApiModel {
  currentVersion?: string | null;
  minimumVersion?: string | null;
}

export enum TerminalVersionState {
  \\"Default\\" = \\"Default\\",
  \\"UpToDate\\" = \\"UpToDate\\",
  \\"Supported\\" = \\"Supported\\",
  \\"Deprecated\\" = \\"Deprecated\\",
}

export interface TotpLoginResult {
  token?: string | null;
}

export interface TransactionApiModel {
  /** - Format: int64 */
  accountId: number;
  /** - Format: decimal */
  amount: number;
  /** - Format: date-time */
  createDateTime: string;
  /** - Format: int64 */
  id: number;
  /** - Format: decimal */
  remain: number;
  transactionOperationType: TransactionOperationType;
  transactionType: TransactionType;
  /** - Format: int64 */
  voucherId: number;
  accountNumber?: string | null;
  accountTitle?: string | null;
  createDate?: string | null;
  description?: string | null;
  followupId?: string | null;
  logicalAction?: LogicalActionType | null;
  logicalActionDisplay?: string | null;
  /** - Format: int32 */
  targetBusinessCategoryId?: number | null;
  targetBusinessCategoryName?: string | null;
  transactionOperationTypeDisplay?: string | null;
  transactionTypeDisplay?: string | null;
  voucherType?: VoucherOperationType | null;
  voucherTypeDisplay?: string | null;
}

export enum TransactionOperationType {
  \\"Unknown\\" = \\"Unknown\\",
  \\"Normal\\" = \\"Normal\\",
  \\"System\\" = \\"System\\",
  \\"DomainCommission\\" = \\"DomainCommission\\",
  \\"ResellerCommission\\" = \\"ResellerCommission\\",
  \\"Block\\" = \\"Block\\",
  \\"Unblock\\" = \\"Unblock\\",
  \\"Refund\\" = \\"Refund\\",
  \\"NoCommissionRemainGift\\" = \\"NoCommissionRemainGift\\",
  \\"RemainGift\\" = \\"RemainGift\\",
  \\"DomainBankBatchTransfer\\" = \\"DomainBankBatchTransfer\\",
  \\"SettlementBatchTransferItem\\" = \\"SettlementBatchTransferItem\\",
  \\"Synchronization\\" = \\"Synchronization\\",
  \\"BlockchainWithdrawInternalTransfer\\" = \\"BlockchainWithdrawInternalTransfer\\",
  \\"BlockchainWithdrawUserWallet\\" = \\"BlockchainWithdrawUserWallet\\",
  \\"BlockchainIncomingTransaction\\" = \\"BlockchainIncomingTransaction\\",
  \\"BlockchainWithdrawUserWalletOffchain\\" = \\"BlockchainWithdrawUserWalletOffchain\\",
  \\"BlockchainFee\\" = \\"BlockchainFee\\",
}

export enum TransactionType {
  \\"Debt\\" = \\"Debt\\",
  \\"Credit\\" = \\"Credit\\",
}

export interface TransferMoneyApiModel {
  /** - Format: decimal */
  amount: number;
  /** - Format: decimal */
  commissionAmount: number;
  /** - Format: date-time */
  createDateTime: string;
  /**
   * [Deprecated, use 'CommissionAmount' instead]
   *
   * - Format: decimal
   *
   * @deprecated Use 'CommissionAmount' instead.
   */
  domainCommissionAmount: number;
  /** - Format: int64 */
  payerAccountId: number;
  /** - Format: int64 */
  targetAccountId: number;
  /**
   * [Deprecated, use 'PayerAccountId' instead]
   *
   * - Format: int64
   *
   * @deprecated Use 'PayerAccountId' instead.
   */
  userAccountId: number;
  /** - Format: int64 */
  voucherId: number;
  description?: string | null;
  /**
   * [Deprecated, use 'OperationId' instead]
   *
   * - Format: int64
   *
   * @deprecated Use 'OperationId' instead.
   */
  id?: number | null;
  /** - Format: int64 */
  operationId?: number | null;
  payerAccountName?: string | null;
  payerAccountNumber?: string | null;
  targetAccountNumber?: string | null;
  targetUserAvatarUrl?: string | null;
  targetUserDisplayName?: string | null;
  /**
   * [Deprecated, use 'PayerAccountName' instead]
   *
   * @deprecated Use 'PayerAccountName' instead.
   */
  userAccountName?: string | null;
}

export interface TransferMoneyInput {
  /** - Format: decimal */
  amount: number;
  /** - Format: int64 */
  targetUserAccountId: number;
  description?: string | null;
  targetIdentifier?: string | null;
}

export interface UnreadNotificationCountApiModel {
  channel: NotificationChannel;
  /** - Format: int32 */
  unreadCount: number;
  /** - Format: guid */
  userId: string;
}

export interface UpgradeToBusinessApiModel {
  businessShareType: BusinessShareType;
  businessType: BusinessType;
  status: IdentityStatus;
  /**
   * [Deprecated, use 'Status' instead]
   *
   * @deprecated Use 'Status' instead.
   */
  upgradeToBusinessRequestStatus: IdentityStatus;
  /**
   * [Deprecated, use 'BusinessShareType' instead]
   *
   * @deprecated Use 'BusinessShareType' instead.
   */
  userIdentityType: BusinessShareType;
  address?: string | null;
  businessLogoImageLink?: string | null;
  /** - Format: guid */
  businessLogoImageUniqueId?: string | null;
  businessName?: string | null;
  businessShareTypeDisplay?: string | null;
  businessTypeDisplay?: string | null;
  city?: string | null;
  description?: string | null;
  documents?: DocumentApiModel[] | null;
  email?: string | null;
  faxNumber?: string | null;
  managerName?: string | null;
  managerPhoneNumber?: string | null;
  organizationName?: string | null;
  organizationNationalCode?: string | null;
  personNationalCode?: string | null;
  phoneNumber?: string | null;
  rejectCause?: UpgradeToBusinessRejectCause | null;
  rejectCauseDescription?: string | null;
  rejectCauseDisplay?: string | null;
  state?: string | null;
  statusDisplay?: string | null;
  /**
   * [Deprecated, use 'RejectCauseDescription' instead]
   *
   * @deprecated Use 'RejectCauseDescription' instead.
   */
  upgradeToBusinessRequestStatusDescription?: string | null;
  webSiteUrl?: string | null;
}

export enum UpgradeToBusinessRejectCause {
  \\"DocumentsLack\\" = \\"DocumentsLack\\",
  \\"DocumentsMismatch\\" = \\"DocumentsMismatch\\",
  \\"Other\\" = \\"Other\\",
}

export interface UpgradeToBusinessUserInput {
  address?: string | null;
  businessName?: string | null;
  businessShareType?: BusinessShareType | null;
  businessType?: BusinessType | null;
  city?: string | null;
  documents?: DocumentInput[] | null;
  email?: string | null;
  faxNumber?: string | null;
  /** - Format: guid */
  logoFileUniqueId?: string | null;
  managerName?: string | null;
  managerPhoneNumber?: string | null;
  organizationName?: string | null;
  organizationNationalCode?: string | null;
  phoneNumber?: string | null;
  state?: string | null;
  /**
   * [Deprecated, use 'BusinessShareType' instead]
   *
   * @deprecated Use 'BusinessShareType' instead.
   */
  userIdentityType?: BusinessShareType | null;
  webSiteUrl?: string | null;
}

export interface UserBankApiModel {
  /** - Format: int32 */
  bankId: number;
  businessShareType: BusinessShareType;
  /** - Format: int64 */
  id: number;
  /**
   * [Deprecated, use 'BusinessShareType' instead]
   *
   * @deprecated Use 'BusinessShareType' instead.
   */
  identityType: BusinessShareType;
  isVisible: boolean;
  status: IdentityStatus;
  accountNumber?: string | null;
  bankLogo?: string | null;
  bankName?: string | null;
  businessShareTypeDisplay?: string | null;
  firstName?: string | null;
  lastName?: string | null;
  name?: string | null;
  rejectCause?: UserBankRejectCause | null;
  rejectCauseDescription?: string | null;
  rejectCauseDisplay?: string | null;
  shebaNo?: string | null;
  /**
   * [Deprecated, use 'RejectCauseDescription' instead]
   *
   * @deprecated Use 'RejectCauseDescription' instead.
   */
  statusDescription?: string | null;
  statusDisplay?: string | null;
}

export interface UserBankChangeVisibilityInput {
  isVisible?: boolean | null;
}

export type UserBankDetailApiModel = UserBankApiModel & {
  documents?: DocumentApiModel[] | null;
  nationalCode?: string | null;
};

export interface UserBankInput {
  accountNumber?: string | null;
  /** - Format: int32 */
  bankId?: number | null;
  businessShareType?: BusinessShareType | null;
  documents?: DocumentInput[] | null;
  firstName?: string | null;
  /**
   * [Deprecated, use 'BusinessShareType' instead]
   *
   * @deprecated Use 'BusinessShareType' instead.
   */
  identityType?: BusinessShareType | null;
  isVisible?: boolean | null;
  lastName?: string | null;
  name?: string | null;
  nationalCode?: string | null;
  shebaNo?: string | null;
}

export enum UserBankRejectCause {
  \\"DocumentsLack\\" = \\"DocumentsLack\\",
  \\"DocumentsMismatch\\" = \\"DocumentsMismatch\\",
  \\"Etc\\" = \\"Etc\\",
}

export interface UserChangePasswordInput {
  currentPassword?: string | null;
  newPassword?: string | null;
}

export type UserDetailQuery = UserMeQuery & {
  address?: string | null;
  city?: string | null;
  email?: string | null;
  introducedBySubDomain?: string | null;
  nationalCode?: string | null;
  phoneNumber?: string | null;
  state?: string | null;
};

export interface UserForgetPasswordInput {
  phoneNumber?: string | null;
}

export enum UserIdentifierType {
  \\"Default\\" = \\"Default\\",
  \\"PhoneNumber\\" = \\"PhoneNumber\\",
  \\"Email\\" = \\"Email\\",
  \\"CustomerNumber\\" = \\"CustomerNumber\\",
  \\"AccountNumber\\" = \\"AccountNumber\\",
}

export enum UserIdentityRejectCause {
  \\"DocumentsLack\\" = \\"DocumentsLack\\",
  \\"DocumentsMismatch\\" = \\"DocumentsMismatch\\",
  \\"DocumentsRejected\\" = \\"DocumentsRejected\\",
  \\"Etc\\" = \\"Etc\\",
}

export interface UserIdentityRequestQuery {
  status: IdentityStatus;
  /**
   * [Deprecated, use 'Status' instead]
   *
   * @deprecated Use 'Status' instead.
   */
  userIdentityRequestStatus: IdentityStatus;
  documents?: DocumentApiModel[] | null;
  firstName?: string | null;
  lastName?: string | null;
  nationalCode?: string | null;
  rejectCause?: UserIdentityRejectCause | null;
  rejectCauseDescription?: string | null;
  rejectCauseDisplay?: string | null;
  statusDisplay?: string | null;
  /**
   * [Deprecated, use 'RejectCauseDescription' instead]
   *
   * @deprecated Use 'RejectCauseDescription' instead.
   */
  userIdentityRequestStatusDescription?: string | null;
}

export interface UserMeQuery {
  identityStatus: IdentityStatus;
  isBusinessUser: boolean;
  isResellerUser: boolean;
  isSubUser: boolean;
  /** - Format: int64 */
  shareCode: number;
  /** - Format: guid */
  userId: string;
  /** - Format: date-time */
  birthDate?: string | null;
  birthDateDisplay?: string | null;
  businessName?: string | null;
  /** - Format: guid */
  businessUserId?: string | null;
  gender?: Gender | null;
  genderDisplay?: string | null;
  identityStatusDisplay?: string | null;
  profileImageLink?: string | null;
  referredBy?: string | null;
  title?: string | null;
}

export interface UserMinimalDto {
  /** - Format: guid */
  userId: string;
  displayName?: string | null;
  positionTitle?: string | null;
}

export interface UserPluginApiModel {
  /** - Format: int64 */
  id: number;
  isActive: boolean;
  /** - Format: guid */
  userId: string;
  pluginConfig?: string | null;
  pluginName?: string | null;
  userDisplayName?: string | null;
}

export interface UserPluginDetailApiModel {
  /** - Format: int64 */
  id: number;
  isActive: boolean;
  /** - Format: int32 */
  pluginId: number;
  /** - Format: guid */
  userId: string;
  pluginAmountCalculationExpression?: string | null;
  pluginConfig?: string | null;
  pluginLogoFileName?: string | null;
  /** - Format: guid */
  pluginLogoFileUniqueId?: string | null;
  pluginLogoFileUrl?: string | null;
  pluginName?: string | null;
  properties?: PluginPropertyApiModel[] | null;
  userDisplayName?: string | null;
}

export interface UserPluginTogggleApiModel {
  isActive: boolean;
}

export interface UserProfileAvatarInput {
  /** - Format: guid */
  fileUniqueId?: string | null;
}

export interface UserProfileInput {
  address?: string | null;
  /** - Format: date-time */
  birthDate?: string | null;
  city?: string | null;
  email?: string | null;
  gender?: Gender | null;
  state?: string | null;
}

export enum UserStatus {
  \\"None\\" = \\"None\\",
  \\"NotVerified\\" = \\"NotVerified\\",
  \\"VerifiedButNotCompleted\\" = \\"VerifiedButNotCompleted\\",
  \\"Active\\" = \\"Active\\",
  \\"TemporaryBlocked\\" = \\"TemporaryBlocked\\",
  \\"AutoPasswordGenerated\\" = \\"AutoPasswordGenerated\\",
}

export interface UserVerifyForgetPasswordInput {
  newPassword?: string | null;
  phoneNumber?: string | null;
  token?: string | null;
  verifyCode?: string | null;
}

export interface UserWorkspaceQuery {
  /** - Format: guid */
  businessUserId: string;
  workspaceType: WorkspaceType;
  businessAvatarUrl?: string | null;
  businessName?: string | null;
  positionTitle?: string | null;
}

export interface VerifyPhoneNumberInput {
  /** - Format: guid */
  userId: string;
  /** - Format: guid */
  subDomainId?: string | null;
  token?: string | null;
  verifyCode?: string | null;
}

export enum VoucherOperationType {
  \\"Unknown\\" = \\"Unknown\\",
  \\"EPayViaBankWithCommissionByPayer\\" = \\"EPayViaBankWithCommissionByPayer\\",
  \\"EPayViaBankWithCommissionByUser\\" = \\"EPayViaBankWithCommissionByUser\\",
  \\"EPayViaPSPWithCommissionByPayer\\" = \\"EPayViaPSPWithCommissionByPayer\\",
  \\"EPayViaPSPWithCommissionByUser\\" = \\"EPayViaPSPWithCommissionByUser\\",
  \\"EPayViaWalletWithCommissionByPayer\\" = \\"EPayViaWalletWithCommissionByPayer\\",
  \\"EPayViaWalletWithCommissionByUser\\" = \\"EPayViaWalletWithCommissionByUser\\",
  \\"TransferMoney\\" = \\"TransferMoney\\",
  \\"ChargeWallet\\" = \\"ChargeWallet\\",
  \\"ServiceBill\\" = \\"ServiceBill\\",
  \\"ServiceMobileCharge\\" = \\"ServiceMobileCharge\\",
  \\"POSViaBank\\" = \\"POSViaBank\\",
  \\"POSViaWallet\\" = \\"POSViaWallet\\",
  \\"ShareAndBlockRequest\\" = \\"ShareAndBlockRequest\\",
  \\"ShareRequest\\" = \\"ShareRequest\\",
  \\"SettlementAuto\\" = \\"SettlementAuto\\",
  \\"SettlementManual\\" = \\"SettlementManual\\",
  \\"SettlementSuspected\\" = \\"SettlementSuspected\\",
  \\"GroupTransferMoney\\" = \\"GroupTransferMoney\\",
  \\"ShareAndUnblock\\" = \\"ShareAndUnblock\\",
  \\"RefundWithSystemPayer\\" = \\"RefundWithSystemPayer\\",
  \\"RefundWithAnonymousPayer\\" = \\"RefundWithAnonymousPayer\\",
  \\"PayCommand\\" = \\"PayCommand\\",
  \\"GiftForReferrer\\" = \\"GiftForReferrer\\",
  \\"GiftForNoCommissionRemain\\" = \\"GiftForNoCommissionRemain\\",
  \\"Sepid\\" = \\"Sepid\\",
  \\"BatchTransferItem\\" = \\"BatchTransferItem\\",
  \\"AbstractProviderSynchronization\\" = \\"AbstractProviderSynchronization\\",
  \\"BlockchainWithdrawInternalTransfer\\" = \\"BlockchainWithdrawInternalTransfer\\",
  \\"BlockchainWithdrawUserWallet\\" = \\"BlockchainWithdrawUserWallet\\",
  \\"BlockchainIncomingTransaction\\" = \\"BlockchainIncomingTransaction\\",
  \\"BlockchainWithdrawUserWalletOnChain\\" = \\"BlockchainWithdrawUserWalletOnChain\\",
}

export type WalletDetailApiModel = WalletDisplayApiModel & {
  notificationEnabled: boolean;
  /** - Format: int32 */
  permittedSubuserCount: number;
  /** - Format: int32 */
  posPaidCount: number;
  /** - Format: int32 */
  posScanCount: number;
  accountQrCodeUrl?: string | null;
  actionPolicies?: CommissionPolicyApiModel[] | null;
  posLinkUrl?: string | null;
};

export interface WalletDisplayApiModel {
  automaticSettlement: boolean;
  getComissionFromPayer: boolean;
  /** - Format: int64 */
  id: number;
  isActive: boolean;
  /** - Format: decimal */
  realBalance: number;
  /** - Format: decimal */
  totalBalance: number;
  directUserBankAccountNumber?: string | null;
  /** - Format: int64 */
  directUserBankBankId?: number | null;
  directUserBankBankName?: string | null;
  directUserBankShebaNumber?: string | null;
  intermediateUserBankAccountNumber?: string | null;
  /** - Format: int64 */
  intermediateUserBankBankId?: number | null;
  intermediateUserBankBankName?: string | null;
  intermediateUserBankShebaNumber?: string | null;
  number?: string | null;
  /** - Format: int32 */
  relatedUserAccountIndex?: number | null;
  title?: string | null;
}

export interface WalletReceiptApiModel {
  /** - Format: decimal */
  amount: number;
  /** - Format: decimal */
  commissionAmount: number;
  /** - Format: date-time */
  createDate: string;
  /** - Format: int64 */
  payerAccountId: number;
  callbackUrl?: string | null;
  creatorUserAvatarUrl?: string | null;
  creatorUserDisplayName?: string | null;
  description?: string | null;
  /** - Format: int64 */
  operationId?: number | null;
  payerAccountName?: string | null;
  payerAccountNumber?: string | null;
  sharerUrl?: string | null;
  /** - Format: int64 */
  targetAccountId?: number | null;
  targetAccountNumber?: string | null;
  targetUserAvatarUrl?: string | null;
  targetUserDisplayName?: string | null;
  /** - Format: int64 */
  voucherId?: number | null;
}

export enum WorkspaceType {
  \\"User\\" = \\"User\\",
  \\"SubUser\\" = \\"SubUser\\",
}
"
`;
